Archive member included to satisfy reference by file (symbol)

d:/stm32cube_ide/stm32cubeide_1.12.1/stm32cubeide/plugins/com.st.stm32cube.ide.mcu.externaltools.gnu-tools-for-stm32.10.3-2021.10.win32_1.0.200.202301161003/tools/bin/../lib/gcc/arm-none-eabi/10.3.1/../../../../arm-none-eabi/lib/thumb/v7e-m+fp/hard\libc_nano.a(lib_a-errno.o)
                              ./Core/Src/syscalls.o (__errno)
d:/stm32cube_ide/stm32cubeide_1.12.1/stm32cubeide/plugins/com.st.stm32cube.ide.mcu.externaltools.gnu-tools-for-stm32.10.3-2021.10.win32_1.0.200.202301161003/tools/bin/../lib/gcc/arm-none-eabi/10.3.1/../../../../arm-none-eabi/lib/thumb/v7e-m+fp/hard\libc_nano.a(lib_a-exit.o)
                              d:/stm32cube_ide/stm32cubeide_1.12.1/stm32cubeide/plugins/com.st.stm32cube.ide.mcu.externaltools.gnu-tools-for-stm32.10.3-2021.10.win32_1.0.200.202301161003/tools/bin/../lib/gcc/arm-none-eabi/10.3.1/../../../../arm-none-eabi/lib/thumb/v7e-m+fp/hard/crt0.o (exit)
d:/stm32cube_ide/stm32cubeide_1.12.1/stm32cubeide/plugins/com.st.stm32cube.ide.mcu.externaltools.gnu-tools-for-stm32.10.3-2021.10.win32_1.0.200.202301161003/tools/bin/../lib/gcc/arm-none-eabi/10.3.1/../../../../arm-none-eabi/lib/thumb/v7e-m+fp/hard\libc_nano.a(lib_a-impure.o)
                              d:/stm32cube_ide/stm32cubeide_1.12.1/stm32cubeide/plugins/com.st.stm32cube.ide.mcu.externaltools.gnu-tools-for-stm32.10.3-2021.10.win32_1.0.200.202301161003/tools/bin/../lib/gcc/arm-none-eabi/10.3.1/../../../../arm-none-eabi/lib/thumb/v7e-m+fp/hard\libc_nano.a(lib_a-exit.o) (_global_impure_ptr)
d:/stm32cube_ide/stm32cubeide_1.12.1/stm32cubeide/plugins/com.st.stm32cube.ide.mcu.externaltools.gnu-tools-for-stm32.10.3-2021.10.win32_1.0.200.202301161003/tools/bin/../lib/gcc/arm-none-eabi/10.3.1/../../../../arm-none-eabi/lib/thumb/v7e-m+fp/hard\libc_nano.a(lib_a-init.o)
                              d:/stm32cube_ide/stm32cubeide_1.12.1/stm32cubeide/plugins/com.st.stm32cube.ide.mcu.externaltools.gnu-tools-for-stm32.10.3-2021.10.win32_1.0.200.202301161003/tools/bin/../lib/gcc/arm-none-eabi/10.3.1/../../../../arm-none-eabi/lib/thumb/v7e-m+fp/hard/crt0.o (__libc_init_array)
d:/stm32cube_ide/stm32cubeide_1.12.1/stm32cubeide/plugins/com.st.stm32cube.ide.mcu.externaltools.gnu-tools-for-stm32.10.3-2021.10.win32_1.0.200.202301161003/tools/bin/../lib/gcc/arm-none-eabi/10.3.1/../../../../arm-none-eabi/lib/thumb/v7e-m+fp/hard\libc_nano.a(lib_a-memset.o)
                              d:/stm32cube_ide/stm32cubeide_1.12.1/stm32cubeide/plugins/com.st.stm32cube.ide.mcu.externaltools.gnu-tools-for-stm32.10.3-2021.10.win32_1.0.200.202301161003/tools/bin/../lib/gcc/arm-none-eabi/10.3.1/../../../../arm-none-eabi/lib/thumb/v7e-m+fp/hard/crt0.o (memset)
d:/stm32cube_ide/stm32cubeide_1.12.1/stm32cubeide/plugins/com.st.stm32cube.ide.mcu.externaltools.gnu-tools-for-stm32.10.3-2021.10.win32_1.0.200.202301161003/tools/bin/../lib/gcc/arm-none-eabi/10.3.1/thumb/v7e-m+fp/hard\libgcc.a(_aeabi_uldivmod.o)
                              ./Drivers/STM32G4xx_HAL_Driver/Src/stm32g4xx_ll_lpuart.o (__aeabi_uldivmod)
d:/stm32cube_ide/stm32cubeide_1.12.1/stm32cubeide/plugins/com.st.stm32cube.ide.mcu.externaltools.gnu-tools-for-stm32.10.3-2021.10.win32_1.0.200.202301161003/tools/bin/../lib/gcc/arm-none-eabi/10.3.1/thumb/v7e-m+fp/hard\libgcc.a(_udivmoddi4.o)
                              d:/stm32cube_ide/stm32cubeide_1.12.1/stm32cubeide/plugins/com.st.stm32cube.ide.mcu.externaltools.gnu-tools-for-stm32.10.3-2021.10.win32_1.0.200.202301161003/tools/bin/../lib/gcc/arm-none-eabi/10.3.1/thumb/v7e-m+fp/hard\libgcc.a(_aeabi_uldivmod.o) (__udivmoddi4)
d:/stm32cube_ide/stm32cubeide_1.12.1/stm32cubeide/plugins/com.st.stm32cube.ide.mcu.externaltools.gnu-tools-for-stm32.10.3-2021.10.win32_1.0.200.202301161003/tools/bin/../lib/gcc/arm-none-eabi/10.3.1/thumb/v7e-m+fp/hard\libgcc.a(_dvmd_tls.o)
                              d:/stm32cube_ide/stm32cubeide_1.12.1/stm32cubeide/plugins/com.st.stm32cube.ide.mcu.externaltools.gnu-tools-for-stm32.10.3-2021.10.win32_1.0.200.202301161003/tools/bin/../lib/gcc/arm-none-eabi/10.3.1/thumb/v7e-m+fp/hard\libgcc.a(_aeabi_uldivmod.o) (__aeabi_ldiv0)

Discarded input sections

 .text          0x0000000000000000        0x0 d:/stm32cube_ide/stm32cubeide_1.12.1/stm32cubeide/plugins/com.st.stm32cube.ide.mcu.externaltools.gnu-tools-for-stm32.10.3-2021.10.win32_1.0.200.202301161003/tools/bin/../lib/gcc/arm-none-eabi/10.3.1/thumb/v7e-m+fp/hard/crti.o
 .data          0x0000000000000000        0x0 d:/stm32cube_ide/stm32cubeide_1.12.1/stm32cubeide/plugins/com.st.stm32cube.ide.mcu.externaltools.gnu-tools-for-stm32.10.3-2021.10.win32_1.0.200.202301161003/tools/bin/../lib/gcc/arm-none-eabi/10.3.1/thumb/v7e-m+fp/hard/crti.o
 .bss           0x0000000000000000        0x0 d:/stm32cube_ide/stm32cubeide_1.12.1/stm32cubeide/plugins/com.st.stm32cube.ide.mcu.externaltools.gnu-tools-for-stm32.10.3-2021.10.win32_1.0.200.202301161003/tools/bin/../lib/gcc/arm-none-eabi/10.3.1/thumb/v7e-m+fp/hard/crti.o
[...]
Memory Configuration

Name             Origin             Length             Attributes
RAM              0x0000000020000000 0x0000000000008000 xrw
FLASH            0x0000000008000000 0x0000000000020000 xr
*default*        0x0000000000000000 0xffffffffffffffff

Linker script and memory map

LOAD d:/stm32cube_ide/stm32cubeide_1.12.1/stm32cubeide/plugins/com.st.stm32cube.ide.mcu.externaltools.gnu-tools-for-stm32.10.3-2021.10.win32_1.0.200.202301161003/tools/bin/../lib/gcc/arm-none-eabi/10.3.1/thumb/v7e-m+fp/hard/crti.o
LOAD d:/stm32cube_ide/stm32cubeide_1.12.1/stm32cubeide/plugins/com.st.stm32cube.ide.mcu.externaltools.gnu-tools-for-stm32.10.3-2021.10.win32_1.0.200.202301161003/tools/bin/../lib/gcc/arm-none-eabi/10.3.1/thumb/v7e-m+fp/hard/crtbegin.o
LOAD d:/stm32cube_ide/stm32cubeide_1.12.1/stm32cubeide/plugins/com.st.stm32cube.ide.mcu.externaltools.gnu-tools-for-stm32.10.3-2021.10.win32_1.0.200.202301161003/tools/bin/../lib/gcc/arm-none-eabi/10.3.1/../../../../arm-none-eabi/lib/thumb/v7e-m+fp/hard/crt0.o
LOAD ./Components/Timer/pwm.o
LOAD ./Components/main.o
LOAD ./Core/Src/gpio.o
LOAD ./Core/Src/main.o
LOAD ./Core/Src/stm32g4xx_it.o
LOAD ./Core/Src/syscalls.o
LOAD ./Core/Src/sysmem.o
LOAD ./Core/Src/system_stm32g4xx.o
LOAD ./Core/Src/tim.o
LOAD ./Core/Src/usart.o
LOAD ./Core/Startup/startup_stm32g431rbtx.o
LOAD ./Drivers/STM32G4xx_HAL_Driver/Src/stm32g4xx_ll_dma.o
LOAD ./Drivers/STM32G4xx_HAL_Driver/Src/stm32g4xx_ll_exti.o
LOAD ./Drivers/STM32G4xx_HAL_Driver/Src/stm32g4xx_ll_gpio.o
LOAD ./Drivers/STM32G4xx_HAL_Driver/Src/stm32g4xx_ll_lpuart.o
LOAD ./Drivers/STM32G4xx_HAL_Driver/Src/stm32g4xx_ll_pwr.o
LOAD ./Drivers/STM32G4xx_HAL_Driver/Src/stm32g4xx_ll_rcc.o
LOAD ./Drivers/STM32G4xx_HAL_Driver/Src/stm32g4xx_ll_tim.o
LOAD ./Drivers/STM32G4xx_HAL_Driver/Src/stm32g4xx_ll_utils.o
START GROUP
LOAD d:/stm32cube_ide/stm32cubeide_1.12.1/stm32cubeide/plugins/com.st.stm32cube.ide.mcu.externaltools.gnu-tools-for-stm32.10.3-2021.10.win32_1.0.200.202301161003/tools/bin/../lib/gcc/arm-none-eabi/10.3.1/../../../../arm-none-eabi/lib/thumb/v7e-m+fp/hard\libstdc++_nano.a
LOAD d:/stm32cube_ide/stm32cubeide_1.12.1/stm32cubeide/plugins/com.st.stm32cube.ide.mcu.externaltools.gnu-tools-for-stm32.10.3-2021.10.win32_1.0.200.202301161003/tools/bin/../lib/gcc/arm-none-eabi/10.3.1/../../../../arm-none-eabi/lib/thumb/v7e-m+fp/hard\libsupc++_nano.a
END GROUP
LOAD d:/stm32cube_ide/stm32cubeide_1.12.1/stm32cubeide/plugins/com.st.stm32cube.ide.mcu.externaltools.gnu-tools-for-stm32.10.3-2021.10.win32_1.0.200.202301161003/tools/bin/../lib/gcc/arm-none-eabi/10.3.1/../../../../arm-none-eabi/lib/thumb/v7e-m+fp/hard\libstdc++_nano.a
LOAD d:/stm32cube_ide/stm32cubeide_1.12.1/stm32cubeide/plugins/com.st.stm32cube.ide.mcu.externaltools.gnu-tools-for-stm32.10.3-2021.10.win32_1.0.200.202301161003/tools/bin/../lib/gcc/arm-none-eabi/10.3.1/../../../../arm-none-eabi/lib/thumb/v7e-m+fp/hard\libm.a
LOAD d:/stm32cube_ide/stm32cubeide_1.12.1/stm32cubeide/plugins/com.st.stm32cube.ide.mcu.externaltools.gnu-tools-for-stm32.10.3-2021.10.win32_1.0.200.202301161003/tools/bin/../lib/gcc/arm-none-eabi/10.3.1/../../../../arm-none-eabi/lib/thumb/v7e-m+fp/hard\libc_nano.a
START GROUP
LOAD d:/stm32cube_ide/stm32cubeide_1.12.1/stm32cubeide/plugins/com.st.stm32cube.ide.mcu.externaltools.gnu-tools-for-stm32.10.3-2021.10.win32_1.0.200.202301161003/tools/bin/../lib/gcc/arm-none-eabi/10.3.1/thumb/v7e-m+fp/hard\libgcc.a
LOAD d:/stm32cube_ide/stm32cubeide_1.12.1/stm32cubeide/plugins/com.st.stm32cube.ide.mcu.externaltools.gnu-tools-for-stm32.10.3-2021.10.win32_1.0.200.202301161003/tools/bin/../lib/gcc/arm-none-eabi/10.3.1/../../../../arm-none-eabi/lib/thumb/v7e-m+fp/hard\libc_nano.a
END GROUP
START GROUP
LOAD d:/stm32cube_ide/stm32cubeide_1.12.1/stm32cubeide/plugins/com.st.stm32cube.ide.mcu.externaltools.gnu-tools-for-stm32.10.3-2021.10.win32_1.0.200.202301161003/tools/bin/../lib/gcc/arm-none-eabi/10.3.1/thumb/v7e-m+fp/hard\libgcc.a
LOAD d:/stm32cube_ide/stm32cubeide_1.12.1/stm32cubeide/plugins/com.st.stm32cube.ide.mcu.externaltools.gnu-tools-for-stm32.10.3-2021.10.win32_1.0.200.202301161003/tools/bin/../lib/gcc/arm-none-eabi/10.3.1/../../../../arm-none-eabi/lib/thumb/v7e-m+fp/hard\libc_nano.a
LOAD d:/stm32cube_ide/stm32cubeide_1.12.1/stm32cubeide/plugins/com.st.stm32cube.ide.mcu.externaltools.gnu-tools-for-stm32.10.3-2021.10.win32_1.0.200.202301161003/tools/bin/../lib/gcc/arm-none-eabi/10.3.1/../../../../arm-none-eabi/lib/thumb/v7e-m+fp/hard\libnosys.a
END GROUP
START GROUP
LOAD d:/stm32cube_ide/stm32cubeide_1.12.1/stm32cubeide/plugins/com.st.stm32cube.ide.mcu.externaltools.gnu-tools-for-stm32.10.3-2021.10.win32_1.0.200.202301161003/tools/bin/../lib/gcc/arm-none-eabi/10.3.1/thumb/v7e-m+fp/hard\libgcc.a
LOAD d:/stm32cube_ide/stm32cubeide_1.12.1/stm32cubeide/plugins/com.st.stm32cube.ide.mcu.externaltools.gnu-tools-for-stm32.10.3-2021.10.win32_1.0.200.202301161003/tools/bin/../lib/gcc/arm-none-eabi/10.3.1/../../../../arm-none-eabi/lib/thumb/v7e-m+fp/hard\libc_nano.a
LOAD d:/stm32cube_ide/stm32cubeide_1.12.1/stm32cubeide/plugins/com.st.stm32cube.ide.mcu.externaltools.gnu-tools-for-stm32.10.3-2021.10.win32_1.0.200.202301161003/tools/bin/../lib/gcc/arm-none-eabi/10.3.1/../../../../arm-none-eabi/lib/thumb/v7e-m+fp/hard\libnosys.a
END GROUP
LOAD d:/stm32cube_ide/stm32cubeide_1.12.1/stm32cubeide/plugins/com.st.stm32cube.ide.mcu.externaltools.gnu-tools-for-stm32.10.3-2021.10.win32_1.0.200.202301161003/tools/bin/../lib/gcc/arm-none-eabi/10.3.1/thumb/v7e-m+fp/hard/crtend.o
LOAD d:/stm32cube_ide/stm32cubeide_1.12.1/stm32cubeide/plugins/com.st.stm32cube.ide.mcu.externaltools.gnu-tools-for-stm32.10.3-2021.10.win32_1.0.200.202301161003/tools/bin/../lib/gcc/arm-none-eabi/10.3.1/thumb/v7e-m+fp/hard/crtn.o
                0x0000000020008000                _estack = (ORIGIN (RAM) + LENGTH (RAM))
                0x0000000000000200                _Min_Heap_Size = 0x200
                0x0000000000000400                _Min_Stack_Size = 0x400

.isr_vector     0x0000000008000000      0x1d8
                0x0000000008000000                . = ALIGN (0x4)
 *(.isr_vector)
 .isr_vector    0x0000000008000000      0x1d8 ./Core/Startup/startup_stm32g431rbtx.o
                0x0000000008000000                g_pfnVectors
                0x00000000080001d8                . = ALIGN (0x4)

.text           0x00000000080001d8     0x1f5c
                0x00000000080001d8                . = ALIGN (0x4)
 *(.text)
 .text          0x00000000080001d8       0x40 d:/stm32cube_ide/stm32cubeide_1.12.1/stm32cubeide/plugins/com.st.stm32cube.ide.mcu.externaltools.gnu-tools-for-stm32.10.3-2021.10.win32_1.0.200.202301161003/tools/bin/../lib/gcc/arm-none-eabi/10.3.1/thumb/v7e-m+fp/hard/crtbegin.o
 *(.text*)
 .text.LL_TIM_EnableCounter
                0x0000000008000218       0x20 ./Components/Timer/pwm.o
 .text.LL_TIM_CC_EnableChannel
                0x0000000008000238       0x22 ./Components/Timer/pwm.o
 .text.LL_TIM_OC_SetCompareCH1
                0x000000000800025a       0x1c ./Components/Timer/pwm.o
 .text.LL_TIM_EnableAllOutputs
                0x0000000008000276       0x20 ./Components/Timer/pwm.o
 .text.LL_TIM_ClearFlag_UPDATE
                0x0000000008000296       0x1c ./Components/Timer/pwm.o
 .text.LL_TIM_IsActiveFlag_UPDATE
                0x00000000080002b2       0x26 ./Components/Timer/pwm.o
 .text.LL_TIM_EnableIT_UPDATE
                0x00000000080002d8       0x20 ./Components/Timer/pwm.o
 .text.LL_TIM_GenerateEvent_UPDATE
                0x00000000080002f8       0x20 ./Components/Timer/pwm.o
 .text.LL_GPIO_TogglePin
                0x0000000008000318       0x32 ./Components/Timer/pwm.o
 *fill*         0x000000000800034a        0x2 
 .text._ZN3pwm3HAL4initEv
                0x000000000800034c       0x24 ./Components/Timer/pwm.o
                0x000000000800034c                pwm::HAL::init()
 .text._ZN3pwm3HAL2onEi
                0x0000000008000370       0x54 ./Components/Timer/pwm.o
                0x0000000008000370                pwm::HAL::on(int)
 .text.TIM1_UP_TIM16_IRQHandler
                0x00000000080003c4       0x1c ./Components/Timer/pwm.o
                0x00000000080003c4                TIM1_UP_TIM16_IRQHandler
 .text.main     0x00000000080003e0       0x1a ./Components/main.o
                0x00000000080003e0                main
 *fill*         0x00000000080003fa        0x2 
 .text.LL_AHB2_GRP1_EnableClock
                0x00000000080003fc       0x30 ./Core/Src/gpio.o
 .text.LL_SYSCFG_SetEXTISource
                0x000000000800042c       0x70 ./Core/Src/gpio.o
 .text.LL_GPIO_SetPinMode
                0x000000000800049c       0x7a ./Core/Src/gpio.o
 .text.LL_GPIO_SetPinPull
                0x0000000008000516       0x7a ./Core/Src/gpio.o
 .text.LL_GPIO_ResetOutputPin
                0x0000000008000590       0x1c ./Core/Src/gpio.o
 .text.MX_GPIO_Init
                0x00000000080005ac       0xb8 ./Core/Src/gpio.o
                0x00000000080005ac                MX_GPIO_Init
 .text.LL_RCC_HSI_Enable
                0x0000000008000664       0x20 ./Core/Src/main.o
 .text.LL_RCC_HSI_IsReady
                0x0000000008000684       0x28 ./Core/Src/main.o
 .text.LL_RCC_HSI_SetCalibTrimming
                0x00000000080006ac       0x2c ./Core/Src/main.o
 .text.LL_RCC_SetSysClkSource
                0x00000000080006d8       0x28 ./Core/Src/main.o
 .text.LL_RCC_GetSysClkSource
                0x0000000008000700       0x1c ./Core/Src/main.o
 .text.LL_RCC_SetAHBPrescaler
                0x000000000800071c       0x28 ./Core/Src/main.o
 .text.LL_RCC_SetAPB1Prescaler
                0x0000000008000744       0x28 ./Core/Src/main.o
 .text.LL_RCC_SetAPB2Prescaler
                0x000000000800076c       0x28 ./Core/Src/main.o
 .text.LL_RCC_PLL_Enable
                0x0000000008000794       0x20 ./Core/Src/main.o
 .text.LL_RCC_PLL_IsReady
                0x00000000080007b4       0x28 ./Core/Src/main.o
 .text.LL_RCC_PLL_ConfigDomain_SYS
                0x00000000080007dc       0x40 ./Core/Src/main.o
 .text.LL_RCC_PLL_EnableDomain_SYS
                0x000000000800081c       0x20 ./Core/Src/main.o
 .text.LL_FLASH_SetLatency
                0x000000000800083c       0x28 ./Core/Src/main.o
 .text.LL_FLASH_GetLatency
                0x0000000008000864       0x1c ./Core/Src/main.o
 .text.LL_PWR_EnableRange1BoostMode
                0x0000000008000880       0x24 ./Core/Src/main.o
 .text.SystemClock_Config
                0x00000000080008a4       0xa8 ./Core/Src/main.o
                0x00000000080008a4                SystemClock_Config
 .text.NMI_Handler
                0x000000000800094c        0x6 ./Core/Src/stm32g4xx_it.o
                0x000000000800094c                NMI_Handler
 .text.HardFault_Handler
                0x0000000008000952        0x6 ./Core/Src/stm32g4xx_it.o
                0x0000000008000952                HardFault_Handler
 .text.MemManage_Handler
                0x0000000008000958        0x6 ./Core/Src/stm32g4xx_it.o
                0x0000000008000958                MemManage_Handler
 .text.BusFault_Handler
                0x000000000800095e        0x6 ./Core/Src/stm32g4xx_it.o
                0x000000000800095e                BusFault_Handler
 .text.UsageFault_Handler
                0x0000000008000964        0x6 ./Core/Src/stm32g4xx_it.o
                0x0000000008000964                UsageFault_Handler
 .text.SVC_Handler
                0x000000000800096a        0xe ./Core/Src/stm32g4xx_it.o
                0x000000000800096a                SVC_Handler
 .text.DebugMon_Handler
                0x0000000008000978        0xe ./Core/Src/stm32g4xx_it.o
                0x0000000008000978                DebugMon_Handler
 .text.PendSV_Handler
                0x0000000008000986        0xe ./Core/Src/stm32g4xx_it.o
                0x0000000008000986                PendSV_Handler
 .text.SysTick_Handler
                0x0000000008000994        0xe ./Core/Src/stm32g4xx_it.o
                0x0000000008000994                SysTick_Handler
 *fill*         0x00000000080009a2        0x2 
 .text.SystemInit
                0x00000000080009a4       0x24 ./Core/Src/system_stm32g4xx.o
                0x00000000080009a4                SystemInit
 .text.__NVIC_GetPriorityGrouping
                0x00000000080009c8       0x1c ./Core/Src/tim.o
 .text.__NVIC_EnableIRQ
                0x00000000080009e4       0x3c ./Core/Src/tim.o
 .text.__NVIC_SetPriority
                0x0000000008000a20       0x54 ./Core/Src/tim.o
 .text.NVIC_EncodePriority
                0x0000000008000a74       0x66 ./Core/Src/tim.o
 *fill*         0x0000000008000ada        0x2 
 .text.LL_AHB2_GRP1_EnableClock
                0x0000000008000adc       0x30 ./Core/Src/tim.o
 .text.LL_APB2_GRP1_EnableClock
                0x0000000008000b0c       0x30 ./Core/Src/tim.o
 .text.LL_TIM_EnableARRPreload
                0x0000000008000b3c       0x20 ./Core/Src/tim.o
 .text.LL_TIM_OC_DisableFast
                0x0000000008000b5c       0xb0 ./Core/Src/tim.o
 .text.LL_TIM_OC_EnablePreload
                0x0000000008000c0c       0xac ./Core/Src/tim.o
 .text.LL_TIM_SetTriggerOutput
                0x0000000008000cb8       0x2a ./Core/Src/tim.o
 .text.LL_TIM_SetTriggerOutput2
                0x0000000008000ce2       0x26 ./Core/Src/tim.o
 .text.LL_TIM_DisableMasterSlaveMode
                0x0000000008000d08       0x20 ./Core/Src/tim.o
 .text.MX_TIM1_Init
                0x0000000008000d28      0x168 ./Core/Src/tim.o
                0x0000000008000d28                MX_TIM1_Init
 .text.Reset_Handler
                0x0000000008000e90       0x50 ./Core/Startup/startup_stm32g431rbtx.o
                0x0000000008000e90                Reset_Handler
 .text.Default_Handler
                0x0000000008000ee0        0x2 ./Core/Startup/startup_stm32g431rbtx.o
                0x0000000008000ee0                RTC_Alarm_IRQHandler
                0x0000000008000ee0                EXTI2_IRQHandler
                0x0000000008000ee0                TIM8_TRG_COM_IRQHandler
                0x0000000008000ee0                TIM8_CC_IRQHandler
                0x0000000008000ee0                TIM1_CC_IRQHandler
                0x0000000008000ee0                USB_HP_IRQHandler
                0x0000000008000ee0                CORDIC_IRQHandler
                0x0000000008000ee0                EXTI3_IRQHandler
                0x0000000008000ee0                I2C3_ER_IRQHandler
                0x0000000008000ee0                EXTI0_IRQHandler
                0x0000000008000ee0                I2C2_EV_IRQHandler
                0x0000000008000ee0                FPU_IRQHandler
                0x0000000008000ee0                FDCAN1_IT1_IRQHandler
                0x0000000008000ee0                ADC1_2_IRQHandler
                0x0000000008000ee0                SPI1_IRQHandler
                0x0000000008000ee0                TIM6_DAC_IRQHandler
                0x0000000008000ee0                TIM8_UP_IRQHandler
                0x0000000008000ee0                DMA2_Channel2_IRQHandler
                0x0000000008000ee0                DMA1_Channel4_IRQHandler
                0x0000000008000ee0                USART3_IRQHandler
                0x0000000008000ee0                TIM4_IRQHandler
                0x0000000008000ee0                DMA2_Channel1_IRQHandler
                0x0000000008000ee0                I2C1_EV_IRQHandler
                0x0000000008000ee0                DMA1_Channel6_IRQHandler
                0x0000000008000ee0                UART4_IRQHandler
                0x0000000008000ee0                DMA2_Channel4_IRQHandler
                0x0000000008000ee0                TIM3_IRQHandler
                0x0000000008000ee0                RCC_IRQHandler
                0x0000000008000ee0                DMA1_Channel1_IRQHandler
                0x0000000008000ee0                Default_Handler
                0x0000000008000ee0                RTC_TAMP_LSECSS_IRQHandler
                0x0000000008000ee0                FMAC_IRQHandler
                0x0000000008000ee0                EXTI15_10_IRQHandler
                0x0000000008000ee0                TIM7_IRQHandler
                0x0000000008000ee0                UCPD1_IRQHandler
                0x0000000008000ee0                I2C3_EV_IRQHandler
                0x0000000008000ee0                EXTI9_5_IRQHandler
                0x0000000008000ee0                RTC_WKUP_IRQHandler
                0x0000000008000ee0                PVD_PVM_IRQHandler
                0x0000000008000ee0                SPI2_IRQHandler
                0x0000000008000ee0                DMA2_Channel5_IRQHandler
                0x0000000008000ee0                CRS_IRQHandler
                0x0000000008000ee0                DMA1_Channel5_IRQHandler
                0x0000000008000ee0                USB_LP_IRQHandler
                0x0000000008000ee0                EXTI4_IRQHandler
                0x0000000008000ee0                RNG_IRQHandler
                0x0000000008000ee0                TIM1_TRG_COM_TIM17_IRQHandler
                0x0000000008000ee0                DMA1_Channel3_IRQHandler
                0x0000000008000ee0                WWDG_IRQHandler
                0x0000000008000ee0                LPUART1_IRQHandler
                0x0000000008000ee0                DMA2_Channel6_IRQHandler
                0x0000000008000ee0                FDCAN1_IT0_IRQHandler
                0x0000000008000ee0                TIM2_IRQHandler
                0x0000000008000ee0                COMP1_2_3_IRQHandler
                0x0000000008000ee0                EXTI1_IRQHandler
                0x0000000008000ee0                USART2_IRQHandler
                0x0000000008000ee0                I2C2_ER_IRQHandler
                0x0000000008000ee0                DMA1_Channel2_IRQHandler
                0x0000000008000ee0                TIM8_BRK_IRQHandler
                0x0000000008000ee0                FLASH_IRQHandler
                0x0000000008000ee0                USART1_IRQHandler
                0x0000000008000ee0                SPI3_IRQHandler
                0x0000000008000ee0                I2C1_ER_IRQHandler
                0x0000000008000ee0                LPTIM1_IRQHandler
                0x0000000008000ee0                DMAMUX_OVR_IRQHandler
                0x0000000008000ee0                USBWakeUp_IRQHandler
                0x0000000008000ee0                SAI1_IRQHandler
                0x0000000008000ee0                DMA2_Channel3_IRQHandler
                0x0000000008000ee0                COMP4_IRQHandler
                0x0000000008000ee0                TIM1_BRK_TIM15_IRQHandler
 *fill*         0x0000000008000ee2        0x2 
 .text.LL_EXTI_EnableIT_0_31
                0x0000000008000ee4       0x24 ./Drivers/STM32G4xx_HAL_Driver/Src/stm32g4xx_ll_exti.o
 .text.LL_EXTI_EnableIT_32_63
                0x0000000008000f08       0x24 ./Drivers/STM32G4xx_HAL_Driver/Src/stm32g4xx_ll_exti.o
 .text.LL_EXTI_DisableIT_0_31
                0x0000000008000f2c       0x28 ./Drivers/STM32G4xx_HAL_Driver/Src/stm32g4xx_ll_exti.o
 .text.LL_EXTI_DisableIT_32_63
                0x0000000008000f54       0x28 ./Drivers/STM32G4xx_HAL_Driver/Src/stm32g4xx_ll_exti.o
 .text.LL_EXTI_EnableEvent_0_31
                0x0000000008000f7c       0x24 ./Drivers/STM32G4xx_HAL_Driver/Src/stm32g4xx_ll_exti.o
 .text.LL_EXTI_EnableEvent_32_63
                0x0000000008000fa0       0x24 ./Drivers/STM32G4xx_HAL_Driver/Src/stm32g4xx_ll_exti.o
 .text.LL_EXTI_DisableEvent_0_31
                0x0000000008000fc4       0x28 ./Drivers/STM32G4xx_HAL_Driver/Src/stm32g4xx_ll_exti.o
 .text.LL_EXTI_DisableEvent_32_63
                0x0000000008000fec       0x28 ./Drivers/STM32G4xx_HAL_Driver/Src/stm32g4xx_ll_exti.o
 .text.LL_EXTI_EnableRisingTrig_0_31
                0x0000000008001014       0x24 ./Drivers/STM32G4xx_HAL_Driver/Src/stm32g4xx_ll_exti.o
 .text.LL_EXTI_EnableRisingTrig_32_63
                0x0000000008001038       0x24 ./Drivers/STM32G4xx_HAL_Driver/Src/stm32g4xx_ll_exti.o
 .text.LL_EXTI_DisableRisingTrig_0_31
                0x000000000800105c       0x28 ./Drivers/STM32G4xx_HAL_Driver/Src/stm32g4xx_ll_exti.o
 .text.LL_EXTI_DisableRisingTrig_32_63
                0x0000000008001084       0x28 ./Drivers/STM32G4xx_HAL_Driver/Src/stm32g4xx_ll_exti.o
 .text.LL_EXTI_EnableFallingTrig_0_31
                0x00000000080010ac       0x24 ./Drivers/STM32G4xx_HAL_Driver/Src/stm32g4xx_ll_exti.o
 .text.LL_EXTI_EnableFallingTrig_32_63
                0x00000000080010d0       0x24 ./Drivers/STM32G4xx_HAL_Driver/Src/stm32g4xx_ll_exti.o
 .text.LL_EXTI_DisableFallingTrig_0_31
                0x00000000080010f4       0x28 ./Drivers/STM32G4xx_HAL_Driver/Src/stm32g4xx_ll_exti.o
 .text.LL_EXTI_DisableFallingTrig_32_63
                0x000000000800111c       0x28 ./Drivers/STM32G4xx_HAL_Driver/Src/stm32g4xx_ll_exti.o
 .text.LL_EXTI_Init
                0x0000000008001144      0x1f2 ./Drivers/STM32G4xx_HAL_Driver/Src/stm32g4xx_ll_exti.o
                0x0000000008001144                LL_EXTI_Init
 .text.LL_GPIO_SetPinMode
                0x0000000008001336       0x7a ./Drivers/STM32G4xx_HAL_Driver/Src/stm32g4xx_ll_gpio.o
 .text.LL_GPIO_SetPinOutputType
                0x00000000080013b0       0x30 ./Drivers/STM32G4xx_HAL_Driver/Src/stm32g4xx_ll_gpio.o
 .text.LL_GPIO_SetPinSpeed
                0x00000000080013e0       0x7a ./Drivers/STM32G4xx_HAL_Driver/Src/stm32g4xx_ll_gpio.o
 .text.LL_GPIO_SetPinPull
                0x000000000800145a       0x7a ./Drivers/STM32G4xx_HAL_Driver/Src/stm32g4xx_ll_gpio.o
 .text.LL_GPIO_SetAFPin_0_7
                0x00000000080014d4       0x7a ./Drivers/STM32G4xx_HAL_Driver/Src/stm32g4xx_ll_gpio.o
 .text.LL_GPIO_SetAFPin_8_15
                0x000000000800154e       0x7e ./Drivers/STM32G4xx_HAL_Driver/Src/stm32g4xx_ll_gpio.o
 .text.LL_GPIO_Init
                0x00000000080015cc       0xdc ./Drivers/STM32G4xx_HAL_Driver/Src/stm32g4xx_ll_gpio.o
                0x00000000080015cc                LL_GPIO_Init
 .text.LL_TIM_SetPrescaler
                0x00000000080016a8       0x1c ./Drivers/STM32G4xx_HAL_Driver/Src/stm32g4xx_ll_tim.o
 .text.LL_TIM_SetAutoReload
                0x00000000080016c4       0x1c ./Drivers/STM32G4xx_HAL_Driver/Src/stm32g4xx_ll_tim.o
 .text.LL_TIM_SetRepetitionCounter
                0x00000000080016e0       0x1c ./Drivers/STM32G4xx_HAL_Driver/Src/stm32g4xx_ll_tim.o
 .text.LL_TIM_OC_SetCompareCH1
                0x00000000080016fc       0x1c ./Drivers/STM32G4xx_HAL_Driver/Src/stm32g4xx_ll_tim.o
 .text.LL_TIM_OC_SetCompareCH2
                0x0000000008001718       0x1c ./Drivers/STM32G4xx_HAL_Driver/Src/stm32g4xx_ll_tim.o
 .text.LL_TIM_OC_SetCompareCH3
                0x0000000008001734       0x1c ./Drivers/STM32G4xx_HAL_Driver/Src/stm32g4xx_ll_tim.o
 .text.LL_TIM_OC_SetCompareCH4
                0x0000000008001750       0x1c ./Drivers/STM32G4xx_HAL_Driver/Src/stm32g4xx_ll_tim.o
 .text.LL_TIM_OC_SetCompareCH5
                0x000000000800176c       0x20 ./Drivers/STM32G4xx_HAL_Driver/Src/stm32g4xx_ll_tim.o
 .text.LL_TIM_OC_SetCompareCH6
                0x000000000800178c       0x1c ./Drivers/STM32G4xx_HAL_Driver/Src/stm32g4xx_ll_tim.o
 .text.LL_TIM_GenerateEvent_UPDATE
                0x00000000080017a8       0x20 ./Drivers/STM32G4xx_HAL_Driver/Src/stm32g4xx_ll_tim.o
 .text.LL_TIM_Init
                0x00000000080017c8      0x114 ./Drivers/STM32G4xx_HAL_Driver/Src/stm32g4xx_ll_tim.o
                0x00000000080017c8                LL_TIM_Init
 .text.LL_TIM_OC_Init
                0x00000000080018dc       0xbe ./Drivers/STM32G4xx_HAL_Driver/Src/stm32g4xx_ll_tim.o
                0x00000000080018dc                LL_TIM_OC_Init
 *fill*         0x000000000800199a        0x2 
 .text.LL_TIM_BDTR_Init
                0x000000000800199c      0x110 ./Drivers/STM32G4xx_HAL_Driver/Src/stm32g4xx_ll_tim.o
                0x000000000800199c                LL_TIM_BDTR_Init
 .text.OC1Config
                0x0000000008001aac      0x100 ./Drivers/STM32G4xx_HAL_Driver/Src/stm32g4xx_ll_tim.o
 .text.OC2Config
                0x0000000008001bac      0x108 ./Drivers/STM32G4xx_HAL_Driver/Src/stm32g4xx_ll_tim.o
 .text.OC3Config
                0x0000000008001cb4      0x108 ./Drivers/STM32G4xx_HAL_Driver/Src/stm32g4xx_ll_tim.o
 .text.OC4Config
                0x0000000008001dbc      0x108 ./Drivers/STM32G4xx_HAL_Driver/Src/stm32g4xx_ll_tim.o
 .text.OC5Config
                0x0000000008001ec4       0xc8 ./Drivers/STM32G4xx_HAL_Driver/Src/stm32g4xx_ll_tim.o
 .text.OC6Config
                0x0000000008001f8c       0xc8 ./Drivers/STM32G4xx_HAL_Driver/Src/stm32g4xx_ll_tim.o
 .text.LL_InitTick
                0x0000000008002054       0x34 ./Drivers/STM32G4xx_HAL_Driver/Src/stm32g4xx_ll_utils.o
 .text.LL_Init1msTick
                0x0000000008002088       0x1a ./Drivers/STM32G4xx_HAL_Driver/Src/stm32g4xx_ll_utils.o
                0x0000000008002088                LL_Init1msTick
 *fill*         0x00000000080020a2        0x2 
 .text.LL_SetSystemCoreClock
                0x00000000080020a4       0x20 ./Drivers/STM32G4xx_HAL_Driver/Src/stm32g4xx_ll_utils.o
                0x00000000080020a4                LL_SetSystemCoreClock
 .text.__libc_init_array
                0x00000000080020c4       0x48 d:/stm32cube_ide/stm32cubeide_1.12.1/stm32cubeide/plugins/com.st.stm32cube.ide.mcu.externaltools.gnu-tools-for-stm32.10.3-2021.10.win32_1.0.200.202301161003/tools/bin/../lib/gcc/arm-none-eabi/10.3.1/../../../../arm-none-eabi/lib/thumb/v7e-m+fp/hard\libc_nano.a(lib_a-init.o)
                0x00000000080020c4                __libc_init_array
 .text.memset   0x000000000800210c       0x10 d:/stm32cube_ide/stm32cubeide_1.12.1/stm32cubeide/plugins/com.st.stm32cube.ide.mcu.externaltools.gnu-tools-for-stm32.10.3-2021.10.win32_1.0.200.202301161003/tools/bin/../lib/gcc/arm-none-eabi/10.3.1/../../../../arm-none-eabi/lib/thumb/v7e-m+fp/hard\libc_nano.a(lib_a-memset.o)
                0x000000000800210c                memset
 *(.glue_7)
 .glue_7        0x000000000800211c        0x0 linker stubs
 *(.glue_7t)
 .glue_7t       0x000000000800211c        0x0 linker stubs
 *(.eh_frame)
 .eh_frame      0x000000000800211c        0x0 d:/stm32cube_ide/stm32cubeide_1.12.1/stm32cubeide/plugins/com.st.stm32cube.ide.mcu.externaltools.gnu-tools-for-stm32.10.3-2021.10.win32_1.0.200.202301161003/tools/bin/../lib/gcc/arm-none-eabi/10.3.1/thumb/v7e-m+fp/hard/crtbegin.o
 *(.init)
 .init          0x000000000800211c        0x4 d:/stm32cube_ide/stm32cubeide_1.12.1/stm32cubeide/plugins/com.st.stm32cube.ide.mcu.externaltools.gnu-tools-for-stm32.10.3-2021.10.win32_1.0.200.202301161003/tools/bin/../lib/gcc/arm-none-eabi/10.3.1/thumb/v7e-m+fp/hard/crti.o
                0x000000000800211c                _init
 .init          0x0000000008002120        0x8 d:/stm32cube_ide/stm32cubeide_1.12.1/stm32cubeide/plugins/com.st.stm32cube.ide.mcu.externaltools.gnu-tools-for-stm32.10.3-2021.10.win32_1.0.200.202301161003/tools/bin/../lib/gcc/arm-none-eabi/10.3.1/thumb/v7e-m+fp/hard/crtn.o
 *(.fini)
 .fini          0x0000000008002128        0x4 d:/stm32cube_ide/stm32cubeide_1.12.1/stm32cubeide/plugins/com.st.stm32cube.ide.mcu.externaltools.gnu-tools-for-stm32.10.3-2021.10.win32_1.0.200.202301161003/tools/bin/../lib/gcc/arm-none-eabi/10.3.1/thumb/v7e-m+fp/hard/crti.o
                0x0000000008002128                _fini
 .fini          0x000000000800212c        0x8 d:/stm32cube_ide/stm32cubeide_1.12.1/stm32cubeide/plugins/com.st.stm32cube.ide.mcu.externaltools.gnu-tools-for-stm32.10.3-2021.10.win32_1.0.200.202301161003/tools/bin/../lib/gcc/arm-none-eabi/10.3.1/thumb/v7e-m+fp/hard/crtn.o
                0x0000000008002134                . = ALIGN (0x4)
                0x0000000008002134                _etext = .

.vfp11_veneer   0x0000000008002134        0x0
 .vfp11_veneer  0x0000000008002134        0x0 linker stubs

.v4_bx          0x0000000008002134        0x0
 .v4_bx         0x0000000008002134        0x0 linker stubs

.iplt           0x0000000008002134        0x0
 .iplt          0x0000000008002134        0x0 d:/stm32cube_ide/stm32cubeide_1.12.1/stm32cubeide/plugins/com.st.stm32cube.ide.mcu.externaltools.gnu-tools-for-stm32.10.3-2021.10.win32_1.0.200.202301161003/tools/bin/../lib/gcc/arm-none-eabi/10.3.1/thumb/v7e-m+fp/hard/crtbegin.o

.rodata         0x0000000008002134       0x18
                0x0000000008002134                . = ALIGN (0x4)
 *(.rodata)
 *(.rodata*)
 .rodata.OFFSET_TAB_CCMRx
                0x0000000008002134        0xa ./Core/Src/tim.o
 *fill*         0x000000000800213e        0x2 
 .rodata.SHIFT_TAB_OCxx
                0x0000000008002140        0xa ./Core/Src/tim.o
                0x000000000800214c                . = ALIGN (0x4)
 *fill*         0x000000000800214a        0x2 

.rel.dyn        0x000000000800214c        0x0
 .rel.iplt      0x000000000800214c        0x0 d:/stm32cube_ide/stm32cubeide_1.12.1/stm32cubeide/plugins/com.st.stm32cube.ide.mcu.externaltools.gnu-tools-for-stm32.10.3-2021.10.win32_1.0.200.202301161003/tools/bin/../lib/gcc/arm-none-eabi/10.3.1/thumb/v7e-m+fp/hard/crtbegin.o

.ARM.extab      0x000000000800214c        0x0
                0x000000000800214c                . = ALIGN (0x4)
 *(.ARM.extab* .gnu.linkonce.armextab.*)
                0x000000000800214c                . = ALIGN (0x4)

.ARM            0x000000000800214c        0x0
                0x000000000800214c                . = ALIGN (0x4)
                0x000000000800214c                __exidx_start = .
 *(.ARM.exidx*)
                0x000000000800214c                __exidx_end = .
                0x000000000800214c                . = ALIGN (0x4)

.preinit_array  0x000000000800214c        0x0
                0x000000000800214c                . = ALIGN (0x4)
                0x000000000800214c                PROVIDE (__preinit_array_start = .)
 *(.preinit_array*)
                0x000000000800214c                PROVIDE (__preinit_array_end = .)
                0x000000000800214c                . = ALIGN (0x4)

.init_array     0x000000000800214c        0x4
                0x000000000800214c                . = ALIGN (0x4)
                0x000000000800214c                PROVIDE (__init_array_start = .)
 *(SORT_BY_NAME(.init_array.*))
 *(.init_array*)
 .init_array    0x000000000800214c        0x4 d:/stm32cube_ide/stm32cubeide_1.12.1/stm32cubeide/plugins/com.st.stm32cube.ide.mcu.externaltools.gnu-tools-for-stm32.10.3-2021.10.win32_1.0.200.202301161003/tools/bin/../lib/gcc/arm-none-eabi/10.3.1/thumb/v7e-m+fp/hard/crtbegin.o
                0x0000000008002150                PROVIDE (__init_array_end = .)
                0x0000000008002150                . = ALIGN (0x4)

.fini_array     0x0000000008002150        0x4
                0x0000000008002150                . = ALIGN (0x4)
                [!provide]                        PROVIDE (__fini_array_start = .)
 *(SORT_BY_NAME(.fini_array.*))
 *(.fini_array*)
 .fini_array    0x0000000008002150        0x4 d:/stm32cube_ide/stm32cubeide_1.12.1/stm32cubeide/plugins/com.st.stm32cube.ide.mcu.externaltools.gnu-tools-for-stm32.10.3-2021.10.win32_1.0.200.202301161003/tools/bin/../lib/gcc/arm-none-eabi/10.3.1/thumb/v7e-m+fp/hard/crtbegin.o
                [!provide]                        PROVIDE (__fini_array_end = .)
                0x0000000008002154                . = ALIGN (0x4)
                0x0000000008002154                _sidata = LOADADDR (.data)

.data           0x0000000020000000        0x4 load address 0x0000000008002154
                0x0000000020000000                . = ALIGN (0x4)
                0x0000000020000000                _sdata = .
 *(.data)
 *(.data*)
 .data.SystemCoreClock
                0x0000000020000000        0x4 ./Core/Src/system_stm32g4xx.o
                0x0000000020000000                SystemCoreClock
 *(.RamFunc)
 *(.RamFunc*)
                0x0000000020000004                . = ALIGN (0x4)
                0x0000000020000004                _edata = .

.igot.plt       0x0000000020000004        0x0 load address 0x0000000008002158
 .igot.plt      0x0000000020000004        0x0 d:/stm32cube_ide/stm32cubeide_1.12.1/stm32cubeide/plugins/com.st.stm32cube.ide.mcu.externaltools.gnu-tools-for-stm32.10.3-2021.10.win32_1.0.200.202301161003/tools/bin/../lib/gcc/arm-none-eabi/10.3.1/thumb/v7e-m+fp/hard/crtbegin.o
                0x0000000020000004                . = ALIGN (0x4)

.bss            0x0000000020000004       0x1c load address 0x0000000008002158
                0x0000000020000004                _sbss = .
                0x0000000020000004                __bss_start__ = _sbss
 *(.bss)
 .bss           0x0000000020000004       0x1c d:/stm32cube_ide/stm32cubeide_1.12.1/stm32cubeide/plugins/com.st.stm32cube.ide.mcu.externaltools.gnu-tools-for-stm32.10.3-2021.10.win32_1.0.200.202301161003/tools/bin/../lib/gcc/arm-none-eabi/10.3.1/thumb/v7e-m+fp/hard/crtbegin.o
 *(.bss*)
 *(COMMON)
                0x0000000020000020                . = ALIGN (0x4)
                0x0000000020000020                _ebss = .
                0x0000000020000020                __bss_end__ = _ebss

._user_heap_stack
                0x0000000020000020      0x600 load address 0x0000000008002158
                0x0000000020000020                . = ALIGN (0x8)
                [!provide]                        PROVIDE (end = .)
                0x0000000020000020                PROVIDE (_end = .)
                0x0000000020000220                . = (. + _Min_Heap_Size)
 *fill*         0x0000000020000020      0x200 
                0x0000000020000620                . = (. + _Min_Stack_Size)
 *fill*         0x0000000020000220      0x400 
                0x0000000020000620                . = ALIGN (0x8)

/DISCARD/
 libc.a(*)
 libm.a(*)
 libgcc.a(*)

.ARM.attributes
                0x0000000000000000       0x30
 *(.ARM.attributes)
 .ARM.attributes
                0x0000000000000000       0x1e d:/stm32cube_ide/stm32cubeide_1.12.1/stm32cubeide/plugins/com.st.stm32cube.ide.mcu.externaltools.gnu-tools-for-stm32.10.3-2021.10.win32_1.0.200.202301161003/tools/bin/../lib/gcc/arm-none-eabi/10.3.1/thumb/v7e-m+fp/hard/crti.o
 .ARM.attributes
                0x000000000000001e       0x34 d:/stm32cube_ide/stm32cubeide_1.12.1/stm32cubeide/plugins/com.st.stm32cube.ide.mcu.externaltools.gnu-tools-for-stm32.10.3-2021.10.win32_1.0.200.202301161003/tools/bin/../lib/gcc/arm-none-eabi/10.3.1/thumb/v7e-m+fp/hard/crtbegin.o
 .ARM.attributes
                0x0000000000000052       0x34 ./Components/Timer/pwm.o
 .ARM.attributes
                0x0000000000000086       0x34 ./Components/main.o
 .ARM.attributes
                0x00000000000000ba       0x34 ./Core/Src/gpio.o
 .ARM.attributes
                0x00000000000000ee       0x34 ./Core/Src/main.o
 .ARM.attributes
                0x0000000000000122       0x34 ./Core/Src/stm32g4xx_it.o
 .ARM.attributes
                0x0000000000000156       0x34 ./Core/Src/system_stm32g4xx.o
 .ARM.attributes
                0x000000000000018a       0x34 ./Core/Src/tim.o
 .ARM.attributes
                0x00000000000001be       0x21 ./Core/Startup/startup_stm32g431rbtx.o
 .ARM.attributes
                0x00000000000001df       0x34 ./Drivers/STM32G4xx_HAL_Driver/Src/stm32g4xx_ll_exti.o
 .ARM.attributes
                0x0000000000000213       0x34 ./Drivers/STM32G4xx_HAL_Driver/Src/stm32g4xx_ll_gpio.o
 .ARM.attributes
                0x0000000000000247       0x34 ./Drivers/STM32G4xx_HAL_Driver/Src/stm32g4xx_ll_tim.o
 .ARM.attributes
                0x000000000000027b       0x34 ./Drivers/STM32G4xx_HAL_Driver/Src/stm32g4xx_ll_utils.o
 .ARM.attributes
                0x00000000000002af       0x34 d:/stm32cube_ide/stm32cubeide_1.12.1/stm32cubeide/plugins/com.st.stm32cube.ide.mcu.externaltools.gnu-tools-for-stm32.10.3-2021.10.win32_1.0.200.202301161003/tools/bin/../lib/gcc/arm-none-eabi/10.3.1/../../../../arm-none-eabi/lib/thumb/v7e-m+fp/hard\libc_nano.a(lib_a-init.o)
 .ARM.attributes
                0x00000000000002e3       0x34 d:/stm32cube_ide/stm32cubeide_1.12.1/stm32cubeide/plugins/com.st.stm32cube.ide.mcu.externaltools.gnu-tools-for-stm32.10.3-2021.10.win32_1.0.200.202301161003/tools/bin/../lib/gcc/arm-none-eabi/10.3.1/../../../../arm-none-eabi/lib/thumb/v7e-m+fp/hard\libc_nano.a(lib_a-memset.o)
 .ARM.attributes
                0x0000000000000317       0x1e d:/stm32cube_ide/stm32cubeide_1.12.1/stm32cubeide/plugins/com.st.stm32cube.ide.mcu.externaltools.gnu-tools-for-stm32.10.3-2021.10.win32_1.0.200.202301161003/tools/bin/../lib/gcc/arm-none-eabi/10.3.1/thumb/v7e-m+fp/hard/crtn.o
OUTPUT(BlinkLED.elf elf32-littlearm)
LOAD linker stubs
LOAD d:/stm32cube_ide/stm32cubeide_1.12.1/stm32cubeide/plugins/com.st.stm32cube.ide.mcu.externaltools.gnu-tools-for-stm32.10.3-2021.10.win32_1.0.200.202301161003/tools/bin/../lib/gcc/arm-none-eabi/10.3.1/../../../../arm-none-eabi/lib/thumb/v7e-m+fp/hard\libc.a
LOAD d:/stm32cube_ide/stm32cubeide_1.12.1/stm32cubeide/plugins/com.st.stm32cube.ide.mcu.externaltools.gnu-tools-for-stm32.10.3-2021.10.win32_1.0.200.202301161003/tools/bin/../lib/gcc/arm-none-eabi/10.3.1/../../../../arm-none-eabi/lib/thumb/v7e-m+fp/hard\libm.a
LOAD d:/stm32cube_ide/stm32cubeide_1.12.1/stm32cubeide/plugins/com.st.stm32cube.ide.mcu.externaltools.gnu-tools-for-stm32.10.3-2021.10.win32_1.0.200.202301161003/tools/bin/../lib/gcc/arm-none-eabi/10.3.1/thumb/v7e-m+fp/hard\libgcc.a

.debug_info     0x0000000000000000     0x6115
 .debug_info    0x0000000000000000      0x6e0 ./Components/Timer/pwm.o
 .debug_info    0x00000000000006e0      0x255 ./Components/main.o
 .debug_info    0x0000000000000935      0x95f ./Core/Src/gpio.o
 .debug_info    0x0000000000001294      0x8af ./Core/Src/main.o
 .debug_info    0x0000000000001b43      0x209 ./Core/Src/stm32g4xx_it.o
 .debug_info    0x0000000000001d4c      0x598 ./Core/Src/system_stm32g4xx.o
 .debug_info    0x00000000000022e4     0x114a ./Core/Src/tim.o
 .debug_info    0x000000000000342e       0x22 ./Core/Startup/startup_stm32g431rbtx.o
 .debug_info    0x0000000000003450      0x4f8 ./Drivers/STM32G4xx_HAL_Driver/Src/stm32g4xx_ll_exti.o
 .debug_info    0x0000000000003948      0xa0d ./Drivers/STM32G4xx_HAL_Driver/Src/stm32g4xx_ll_gpio.o
 .debug_info    0x0000000000004355     0x1216 ./Drivers/STM32G4xx_HAL_Driver/Src/stm32g4xx_ll_tim.o
 .debug_info    0x000000000000556b      0xbaa ./Drivers/STM32G4xx_HAL_Driver/Src/stm32g4xx_ll_utils.o

.debug_abbrev   0x0000000000000000     0x12d5
 .debug_abbrev  0x0000000000000000      0x24a ./Components/Timer/pwm.o
 .debug_abbrev  0x000000000000024a      0x11e ./Components/main.o
 .debug_abbrev  0x0000000000000368      0x206 ./Core/Src/gpio.o
 .debug_abbrev  0x000000000000056e      0x19a ./Core/Src/main.o
 .debug_abbrev  0x0000000000000708       0x80 ./Core/Src/stm32g4xx_it.o
 .debug_abbrev  0x0000000000000788      0x116 ./Core/Src/system_stm32g4xx.o
 .debug_abbrev  0x000000000000089e      0x1f2 ./Core/Src/tim.o
 .debug_abbrev  0x0000000000000a90       0x12 ./Core/Startup/startup_stm32g431rbtx.o
 .debug_abbrev  0x0000000000000aa2      0x183 ./Drivers/STM32G4xx_HAL_Driver/Src/stm32g4xx_ll_exti.o
 .debug_abbrev  0x0000000000000c25      0x223 ./Drivers/STM32G4xx_HAL_Driver/Src/stm32g4xx_ll_gpio.o
 .debug_abbrev  0x0000000000000e48      0x236 ./Drivers/STM32G4xx_HAL_Driver/Src/stm32g4xx_ll_tim.o
 .debug_abbrev  0x000000000000107e      0x257 ./Drivers/STM32G4xx_HAL_Driver/Src/stm32g4xx_ll_utils.o

.debug_aranges  0x0000000000000000      0x610
 .debug_aranges
                0x0000000000000000       0x78 ./Components/Timer/pwm.o
 .debug_aranges
                0x0000000000000078       0x20 ./Components/main.o
 .debug_aranges
                0x0000000000000098       0x48 ./Core/Src/gpio.o
 .debug_aranges
                0x00000000000000e0       0xa0 ./Core/Src/main.o
 .debug_aranges
                0x0000000000000180       0x60 ./Core/Src/stm32g4xx_it.o
 .debug_aranges
                0x00000000000001e0       0x28 ./Core/Src/system_stm32g4xx.o
 .debug_aranges
                0x0000000000000208       0x80 ./Core/Src/tim.o
 .debug_aranges
                0x0000000000000288       0x28 ./Core/Startup/startup_stm32g431rbtx.o
 .debug_aranges
                0x00000000000002b0       0xb0 ./Drivers/STM32G4xx_HAL_Driver/Src/stm32g4xx_ll_exti.o
 .debug_aranges
                0x0000000000000360       0x70 ./Drivers/STM32G4xx_HAL_Driver/Src/stm32g4xx_ll_gpio.o
 .debug_aranges
                0x00000000000003d0      0x148 ./Drivers/STM32G4xx_HAL_Driver/Src/stm32g4xx_ll_tim.o
 .debug_aranges
                0x0000000000000518       0xf8 ./Drivers/STM32G4xx_HAL_Driver/Src/stm32g4xx_ll_utils.o

.debug_ranges   0x0000000000000000      0x558
 .debug_ranges  0x0000000000000000       0x68 ./Components/Timer/pwm.o
 .debug_ranges  0x0000000000000068       0x10 ./Components/main.o
 .debug_ranges  0x0000000000000078       0x38 ./Core/Src/gpio.o
 .debug_ranges  0x00000000000000b0       0x90 ./Core/Src/main.o
 .debug_ranges  0x0000000000000140       0x50 ./Core/Src/stm32g4xx_it.o
 .debug_ranges  0x0000000000000190       0x18 ./Core/Src/system_stm32g4xx.o
 .debug_ranges  0x00000000000001a8       0x70 ./Core/Src/tim.o
 .debug_ranges  0x0000000000000218       0x20 ./Core/Startup/startup_stm32g431rbtx.o
 .debug_ranges  0x0000000000000238       0xa0 ./Drivers/STM32G4xx_HAL_Driver/Src/stm32g4xx_ll_exti.o
 .debug_ranges  0x00000000000002d8       0x60 ./Drivers/STM32G4xx_HAL_Driver/Src/stm32g4xx_ll_gpio.o
 .debug_ranges  0x0000000000000338      0x138 ./Drivers/STM32G4xx_HAL_Driver/Src/stm32g4xx_ll_tim.o
 .debug_ranges  0x0000000000000470       0xe8 ./Drivers/STM32G4xx_HAL_Driver/Src/stm32g4xx_ll_utils.o

.debug_macro    0x0000000000000000    0x19b6e
 .debug_macro   0x0000000000000000      0x17a ./Components/Timer/pwm.o
 .debug_macro   0x000000000000017a      0xb92 ./Components/Timer/pwm.o
 .debug_macro   0x0000000000000d0c       0x2e ./Components/Timer/pwm.o
 .debug_macro   0x0000000000000d3a       0x28 ./Components/Timer/pwm.o
 .debug_macro   0x0000000000000d62       0x1c ./Components/Timer/pwm.o
 .debug_macro   0x0000000000000d7e       0x22 ./Components/Timer/pwm.o
 .debug_macro   0x0000000000000da0       0x8e ./Components/Timer/pwm.o
 .debug_macro   0x0000000000000e2e       0x51 ./Components/Timer/pwm.o
 .debug_macro   0x0000000000000e7f      0x103 ./Components/Timer/pwm.o
 .debug_macro   0x0000000000000f82       0x6a ./Components/Timer/pwm.o
 .debug_macro   0x0000000000000fec      0x1df ./Components/Timer/pwm.o
 .debug_macro   0x00000000000011cb       0x1c ./Components/Timer/pwm.o
 .debug_macro   0x00000000000011e7       0x22 ./Components/Timer/pwm.o
 .debug_macro   0x0000000000001209       0xfb ./Components/Timer/pwm.o
 .debug_macro   0x0000000000001304     0x1011 ./Components/Timer/pwm.o
 .debug_macro   0x0000000000002315      0x11f ./Components/Timer/pwm.o
 .debug_macro   0x0000000000002434    0x11396 ./Components/Timer/pwm.o
 .debug_macro   0x00000000000137ca       0x6d ./Components/Timer/pwm.o
 .debug_macro   0x0000000000013837      0x311 ./Components/Timer/pwm.o
 .debug_macro   0x0000000000013b48      0x5fe ./Components/Timer/pwm.o
 .debug_macro   0x0000000000014146      0x188 ./Components/Timer/pwm.o
 .debug_macro   0x00000000000142ce       0xd0 ./Components/Timer/pwm.o
 .debug_macro   0x000000000001439e      0x28c ./Components/Timer/pwm.o
 .debug_macro   0x000000000001462a      0x155 ./Components/Timer/pwm.o
 .debug_macro   0x000000000001477f      0x1a6 ./Components/Timer/pwm.o
 .debug_macro   0x0000000000014925       0x84 ./Components/Timer/pwm.o
 .debug_macro   0x00000000000149a9      0x231 ./Components/Timer/pwm.o
 .debug_macro   0x0000000000014bda      0x63e ./Components/Timer/pwm.o
 .debug_macro   0x0000000000015218      0x24e ./Components/Timer/pwm.o
 .debug_macro   0x0000000000015466      0xcf8 ./Components/Timer/pwm.o
 .debug_macro   0x000000000001615e      0x169 ./Components/Timer/pwm.o
 .debug_macro   0x00000000000162c7       0x76 ./Components/Timer/pwm.o
 .debug_macro   0x000000000001633d      0x17a ./Components/main.o
 .debug_macro   0x00000000000164b7      0x167 ./Core/Src/gpio.o
 .debug_macro   0x000000000001661e      0xaba ./Core/Src/gpio.o
 .debug_macro   0x00000000000170d8     0x1011 ./Core/Src/gpio.o
 .debug_macro   0x00000000000180e9      0x17f ./Core/Src/main.o
 .debug_macro   0x0000000000018268      0x167 ./Core/Src/stm32g4xx_it.o
 .debug_macro   0x00000000000183cf       0xcd ./Core/Src/system_stm32g4xx.o
 .debug_macro   0x000000000001849c      0x167 ./Core/Src/tim.o
 .debug_macro   0x0000000000018603       0xfa ./Drivers/STM32G4xx_HAL_Driver/Src/stm32g4xx_ll_exti.o
 .debug_macro   0x00000000000186fd      0x14f ./Drivers/STM32G4xx_HAL_Driver/Src/stm32g4xx_ll_exti.o
 .debug_macro   0x000000000001884c      0x10f ./Drivers/STM32G4xx_HAL_Driver/Src/stm32g4xx_ll_gpio.o
 .debug_macro   0x000000000001895b      0x163 ./Drivers/STM32G4xx_HAL_Driver/Src/stm32g4xx_ll_gpio.o
 .debug_macro   0x0000000000018abe      0x186 ./Drivers/STM32G4xx_HAL_Driver/Src/stm32g4xx_ll_tim.o
 .debug_macro   0x0000000000018c44      0xcf2 ./Drivers/STM32G4xx_HAL_Driver/Src/stm32g4xx_ll_tim.o
 .debug_macro   0x0000000000019936      0x1ba ./Drivers/STM32G4xx_HAL_Driver/Src/stm32g4xx_ll_utils.o
 .debug_macro   0x0000000000019af0       0x7e ./Drivers/STM32G4xx_HAL_Driver/Src/stm32g4xx_ll_utils.o

.debug_line     0x0000000000000000     0x5820
 .debug_line    0x0000000000000000      0x782 ./Components/Timer/pwm.o
 .debug_line    0x0000000000000782      0x63d ./Components/main.o
 .debug_line    0x0000000000000dbf      0x74a ./Core/Src/gpio.o
 .debug_line    0x0000000000001509      0x841 ./Core/Src/main.o
 .debug_line    0x0000000000001d4a      0x6b5 ./Core/Src/stm32g4xx_it.o
 .debug_line    0x00000000000023ff      0x503 ./Core/Src/system_stm32g4xx.o
 .debug_line    0x0000000000002902      0x946 ./Core/Src/tim.o
 .debug_line    0x0000000000003248       0x89 ./Core/Startup/startup_stm32g431rbtx.o
 .debug_line    0x00000000000032d1      0x73b ./Drivers/STM32G4xx_HAL_Driver/Src/stm32g4xx_ll_exti.o
 .debug_line    0x0000000000003a0c      0x7db ./Drivers/STM32G4xx_HAL_Driver/Src/stm32g4xx_ll_gpio.o
 .debug_line    0x00000000000041e7      0xc31 ./Drivers/STM32G4xx_HAL_Driver/Src/stm32g4xx_ll_tim.o
 .debug_line    0x0000000000004e18      0xa08 ./Drivers/STM32G4xx_HAL_Driver/Src/stm32g4xx_ll_utils.o

.debug_str      0x0000000000000000    0x882f2
 .debug_str     0x0000000000000000    0x83b04 ./Components/Timer/pwm.o
                                      0x83ce3 (size before relaxing)
 .debug_str     0x0000000000083b04       0x48 ./Components/main.o
                                      0x83b0d (size before relaxing)
 .debug_str     0x0000000000083b4c      0x4ad ./Core/Src/gpio.o
                                      0x83927 (size before relaxing)
 .debug_str     0x0000000000083ff9      0x27e ./Core/Src/main.o
                                      0x839ca (size before relaxing)
 .debug_str     0x0000000000084277       0xbd ./Core/Src/stm32g4xx_it.o
                                      0x83655 (size before relaxing)
 .debug_str     0x0000000000084334       0xcb ./Core/Src/system_stm32g4xx.o
                                      0x6fe7f (size before relaxing)
 .debug_str     0x00000000000843ff      0x799 ./Core/Src/tim.o
                                      0x840c4 (size before relaxing)
 .debug_str     0x0000000000084b98       0x36 ./Core/Startup/startup_stm32g431rbtx.o
                                         0x5b (size before relaxing)
 .debug_str     0x0000000000084bce      0x4a0 ./Drivers/STM32G4xx_HAL_Driver/Src/stm32g4xx_ll_exti.o
                                      0x70833 (size before relaxing)
 .debug_str     0x000000000008506e      0x62a ./Drivers/STM32G4xx_HAL_Driver/Src/stm32g4xx_ll_gpio.o
                                      0x7171f (size before relaxing)
 .debug_str     0x0000000000085698     0x1d6e ./Drivers/STM32G4xx_HAL_Driver/Src/stm32g4xx_ll_tim.o
                                      0x78de7 (size before relaxing)
 .debug_str     0x0000000000087406      0xeec ./Drivers/STM32G4xx_HAL_Driver/Src/stm32g4xx_ll_utils.o
                                      0x764e0 (size before relaxing)

.comment        0x0000000000000000       0x50
 .comment       0x0000000000000000       0x50 ./Components/Timer/pwm.o
                                         0x51 (size before relaxing)
 .comment       0x0000000000000050       0x51 ./Components/main.o
 .comment       0x0000000000000050       0x51 ./Core/Src/gpio.o
 .comment       0x0000000000000050       0x51 ./Core/Src/main.o
 .comment       0x0000000000000050       0x51 ./Core/Src/stm32g4xx_it.o
 .comment       0x0000000000000050       0x51 ./Core/Src/system_stm32g4xx.o
 .comment       0x0000000000000050       0x51 ./Core/Src/tim.o
 .comment       0x0000000000000050       0x51 ./Drivers/STM32G4xx_HAL_Driver/Src/stm32g4xx_ll_exti.o
 .comment       0x0000000000000050       0x51 ./Drivers/STM32G4xx_HAL_Driver/Src/stm32g4xx_ll_gpio.o
 .comment       0x0000000000000050       0x51 ./Drivers/STM32G4xx_HAL_Driver/Src/stm32g4xx_ll_tim.o
 .comment       0x0000000000000050       0x51 ./Drivers/STM32G4xx_HAL_Driver/Src/stm32g4xx_ll_utils.o

.debug_frame    0x0000000000000000     0x17a0
 .debug_frame   0x0000000000000000      0x1d4 ./Components/Timer/pwm.o
 .debug_frame   0x00000000000001d4       0x2c ./Components/main.o
 .debug_frame   0x0000000000000200       0xfc ./Core/Src/gpio.o
 .debug_frame   0x00000000000002fc      0x264 ./Core/Src/main.o
 .debug_frame   0x0000000000000560      0x108 ./Core/Src/stm32g4xx_it.o
 .debug_frame   0x0000000000000668       0x58 ./Core/Src/system_stm32g4xx.o
 .debug_frame   0x00000000000006c0      0x210 ./Core/Src/tim.o
 .debug_frame   0x00000000000008d0      0x2fc ./Drivers/STM32G4xx_HAL_Driver/Src/stm32g4xx_ll_exti.o
 .debug_frame   0x0000000000000bcc      0x1c0 ./Drivers/STM32G4xx_HAL_Driver/Src/stm32g4xx_ll_gpio.o
 .debug_frame   0x0000000000000d8c      0x5d0 ./Drivers/STM32G4xx_HAL_Driver/Src/stm32g4xx_ll_tim.o
 .debug_frame   0x000000000000135c      0x3f8 ./Drivers/STM32G4xx_HAL_Driver/Src/stm32g4xx_ll_utils.o
 .debug_frame   0x0000000000001754       0x2c d:/stm32cube_ide/stm32cubeide_1.12.1/stm32cubeide/plugins/com.st.stm32cube.ide.mcu.externaltools.gnu-tools-for-stm32.10.3-2021.10.win32_1.0.200.202301161003/tools/bin/../lib/gcc/arm-none-eabi/10.3.1/../../../../arm-none-eabi/lib/thumb/v7e-m+fp/hard\libc_nano.a(lib_a-init.o)
 .debug_frame   0x0000000000001780       0x20 d:/stm32cube_ide/stm32cubeide_1.12.1/stm32cubeide/plugins/com.st.stm32cube.ide.mcu.externaltools.gnu-tools-for-stm32.10.3-2021.10.win32_1.0.200.202301161003/tools/bin/../lib/gcc/arm-none-eabi/10.3.1/../../../../arm-none-eabi/lib/thumb/v7e-m+fp/hard\libc_nano.a(lib_a-memset.o)
